// Jest Snapshot v1, https://jestjs.io/docs/snapshot-testing

exports[`parseBemaniwikiHtml: スナップショット 1`] = `
Array [
  Object {
    "difficulties": Array [
      3,
      5,
      9,
      13,
      0,
      4,
      9,
      13,
      0,
    ],
    "title": "きゅうくらりん",
  },
  Object {
    "difficulties": Array [
      1,
      4,
      9,
      12,
      0,
      4,
      9,
      12,
      0,
    ],
    "title": "強風オールバック",
  },
  Object {
    "difficulties": Array [
      2,
      4,
      8,
      12,
      0,
      4,
      8,
      12,
      0,
    ],
    "title": "サインはB -New Arrange Ver.-",
  },
  Object {
    "difficulties": Array [
      2,
      4,
      9,
      14,
      12,
      5,
      10,
      14,
      12,
    ],
    "title": "粛聖!! ロリ神レクイエム☆",
  },
  Object {
    "difficulties": Array [
      1,
      4,
      9,
      13,
      0,
      4,
      9,
      13,
      0,
    ],
    "title": "匿名M",
  },
  Object {
    "difficulties": Array [
      2,
      4,
      8,
      13,
      0,
      4,
      8,
      13,
      0,
    ],
    "title": "寝起きヤシの木",
  },
  Object {
    "difficulties": Array [
      2,
      6,
      10,
      14,
      0,
      6,
      10,
      14,
      0,
    ],
    "title": "人マニア",
  },
  Object {
    "difficulties": Array [
      1,
      3,
      9,
      13,
      0,
      3,
      9,
      12,
      0,
    ],
    "title": "ブタサンダー",
  },
  Object {
    "difficulties": Array [
      2,
      6,
      10,
      13,
      15,
      6,
      10,
      13,
      15,
    ],
    "title": "ヴァンパイア",
  },
  Object {
    "difficulties": Array [
      3,
      5,
      9,
      12,
      15,
      5,
      9,
      12,
      15,
    ],
    "title": "月に叢雲華に風",
  },
  Object {
    "difficulties": Array [
      3,
      7,
      11,
      14,
      0,
      7,
      11,
      14,
      0,
    ],
    "title": "閉塞的フレーション",
  },
  Object {
    "difficulties": Array [
      2,
      2,
      7,
      11,
      13,
      2,
      7,
      11,
      14,
    ],
    "title": "Akatsuki",
  },
  Object {
    "difficulties": Array [
      2,
      4,
      9,
      12,
      15,
      4,
      9,
      12,
      15,
    ],
    "title": "我ら完全無敵のアイドル!!",
  },
  Object {
    "difficulties": Array [
      2,
      6,
      9,
      13,
      0,
      6,
      9,
      14,
      0,
    ],
    "title": "イガク",
  },
  Object {
    "difficulties": Array [
      2,
      6,
      11,
      15,
      0,
      6,
      11,
      15,
      0,
    ],
    "title": "メズマライザー",
  },
  Object {
    "difficulties": Array [
      3,
      6,
      10,
      15,
      0,
      6,
      10,
      15,
      0,
    ],
    "title": "ラビットホール",
  },
  Object {
    "difficulties": Array [
      2,
      6,
      9,
      13,
      15,
      6,
      9,
      13,
      15,
    ],
    "title": "Cheerleader",
  },
  Object {
    "difficulties": Array [
      2,
      5,
      11,
      13,
      0,
      6,
      11,
      13,
      0,
    ],
    "title": "Knock Yourself Out XD",
  },
  Object {
    "difficulties": Array [
      5,
      9,
      12,
      14,
      0,
      9,
      11,
      15,
      0,
    ],
    "title": "トラウマ催眠少女さとり!",
  },
  Object {
    "difficulties": Array [
      2,
      5,
      10,
      13,
      15,
      4,
      10,
      12,
      15,
    ],
    "title": "勇者",
  },
  Object {
    "difficulties": Array [
      1,
      4,
      7,
      12,
      15,
      4,
      7,
      12,
      15,
    ],
    "title": "唱",
  },
  Object {
    "difficulties": Array [
      1,
      5,
      8,
      11,
      0,
      5,
      8,
      11,
      0,
    ],
    "title": "可愛くてごめん",
  },
  Object {
    "difficulties": Array [
      2,
      5,
      10,
      13,
      0,
      5,
      10,
      13,
      0,
    ],
    "title": "雑踏、僕らの街",
  },
  Object {
    "difficulties": Array [
      3,
      6,
      9,
      12,
      0,
      5,
      9,
      12,
      0,
    ],
    "title": "WOW WAR TONIGHT ~時には起こせよムーヴメント",
  },
  Object {
    "difficulties": Array [
      2,
      8,
      11,
      15,
      0,
      8,
      11,
      15,
      0,
    ],
    "title": "朱と碧のランページ",
  },
  Object {
    "difficulties": Array [
      3,
      7,
      11,
      14,
      0,
      7,
      11,
      14,
      0,
    ],
    "title": "カジノファイヤーことみちゃん",
  },
  Object {
    "difficulties": Array [
      2,
      7,
      10,
      12,
      0,
      7,
      10,
      13,
      0,
    ],
    "title": "リメンバーリメンバー",
  },
  Object {
    "difficulties": Array [
      3,
      7,
      11,
      14,
      0,
      7,
      11,
      14,
      0,
    ],
    "title": "murmur twins (guitar pop ver.)",
  },
  Object {
    "difficulties": Array [
      2,
      7,
      11,
      14,
      0,
      7,
      11,
      14,
      0,
    ],
    "title": "Shooting Star",
  },
  Object {
    "difficulties": Array [
      3,
      7,
      12,
      15,
      17,
      7,
      12,
      15,
      17,
    ],
    "title": "チルノのパーフェクトさんすう学園",
  },
  Object {
    "difficulties": Array [
      3,
      7,
      10,
      13,
      0,
      7,
      10,
      13,
      0,
    ],
    "title": "恋繋エピローグ",
  },
  Object {
    "difficulties": Array [
      2,
      5,
      10,
      14,
      16,
      6,
      11,
      14,
      16,
    ],
    "title": "打打打打打打打打打打 (にじさんじダンス部 ver.)",
  },
  Object {
    "difficulties": Array [
      1,
      3,
      9,
      12,
      16,
      3,
      9,
      12,
      16,
    ],
    "title": "Din Don Dan (にじさんじダンス部 ver.)",
  },
  Object {
    "difficulties": Array [
      3,
      6,
      9,
      12,
      0,
      6,
      9,
      12,
      0,
    ],
    "title": "Blinding Lights",
  },
  Object {
    "difficulties": Array [
      1,
      3,
      7,
      12,
      0,
      7,
      9,
      12,
      0,
    ],
    "title": "Firework",
  },
  Object {
    "difficulties": Array [
      1,
      4,
      8,
      12,
      0,
      4,
      8,
      12,
      0,
    ],
    "title": "Rain On Me",
  },
  Object {
    "difficulties": Array [
      3,
      5,
      9,
      13,
      0,
      6,
      9,
      13,
      0,
    ],
    "title": "Somedays",
  },
  Object {
    "difficulties": Array [
      1,
      4,
      10,
      13,
      0,
      4,
      10,
      13,
      0,
    ],
    "title": "僕の飛行機",
  },
  Object {
    "difficulties": Array [
      2,
      6,
      11,
      14,
      14,
      6,
      12,
      15,
      14,
    ],
    "title": "Homesick Pt.2&3",
  },
  Object {
    "difficulties": Array [
      2,
      7,
      11,
      14,
      0,
      7,
      12,
      14,
      0,
    ],
    "title": "あおばの足音",
  },
  Object {
    "difficulties": Array [
      2,
      5,
      10,
      13,
      0,
      5,
      10,
      13,
      0,
    ],
    "title": "ギャ・ギャ・ギャ・ギャラクシー!",
  },
  Object {
    "difficulties": Array [
      3,
      7,
      12,
      15,
      0,
      7,
      12,
      15,
      0,
    ],
    "title": "悲報!ワイ!ニート!",
  },
  Object {
    "difficulties": Array [
      3,
      5,
      10,
      13,
      0,
      5,
      10,
      13,
      0,
    ],
    "title": "アイスクリームマジック",
  },
  Object {
    "difficulties": Array [
      2,
      7,
      12,
      15,
      0,
      7,
      12,
      14,
      0,
    ],
    "title": "エクスプロウル",
  },
  Object {
    "difficulties": Array [
      4,
      7,
      11,
      14,
      0,
      7,
      11,
      14,
      0,
    ],
    "title": "覚悟せよ!エンタンメ~ン ~より身の切り売り自暴自棄版~",
  },
  Object {
    "difficulties": Array [
      3,
      7,
      12,
      15,
      0,
      7,
      12,
      15,
      0,
    ],
    "title": "残像ニ繋ガレタ追憶ノHIDEAWAY",
  },
  Object {
    "difficulties": Array [
      3,
      6,
      10,
      16,
      0,
      6,
      10,
      16,
      0,
    ],
    "title": "弾幕信仰",
  },
  Object {
    "difficulties": Array [
      2,
      5,
      8,
      13,
      0,
      5,
      8,
      13,
      0,
    ],
    "title": "SUPER HEROINE!!",
  },
  Object {
    "difficulties": Array [
      5,
      10,
      12,
      16,
      18,
      10,
      12,
      16,
      18,
    ],
    "title": "東方妖々夢 ULTIMATE MEDLEY",
  },
  Object {
    "difficulties": Array [
      2,
      5,
      12,
      17,
      0,
      5,
      11,
      17,
      0,
    ],
    "title": "Deadly Dolly Dance",
  },
  Object {
    "difficulties": Array [
      3,
      7,
      12,
      14,
      17,
      8,
      12,
      14,
      17,
    ],
    "title": "SkyDrive! (HASEKO EUROBEAT MIX)",
  },
  Object {
    "difficulties": Array [
      2,
      5,
      11,
      15,
      0,
      5,
      10,
      15,
      0,
    ],
    "title": "4NT1 D34D",
  },
  Object {
    "difficulties": Array [
      6,
      0,
      0,
      0,
      0,
      0,
      0,
      0,
      0,
    ],
    "title": "Steps to the Star",
  },
  Object {
    "difficulties": Array [
      2,
      5,
      9,
      12,
      0,
      5,
      9,
      12,
      0,
    ],
    "title": "イマココ!この瞬間",
  },
  Object {
    "difficulties": Array [
      3,
      6,
      10,
      13,
      8,
      6,
      10,
      13,
      9,
    ],
    "title": "So What",
  },
  Object {
    "difficulties": Array [
      2,
      5,
      8,
      13,
      0,
      5,
      8,
      13,
      0,
    ],
    "title": "MVP",
  },
  Object {
    "difficulties": Array [
      2,
      4,
      9,
      13,
      0,
      4,
      9,
      12,
      0,
    ],
    "title": "Dance With Me",
  },
  Object {
    "difficulties": Array [
      2,
      6,
      9,
      12,
      15,
      5,
      9,
      12,
      14,
    ],
    "title": "ロマンシングエスケープ",
  },
  Object {
    "difficulties": Array [
      2,
      5,
      10,
      14,
      16,
      5,
      10,
      14,
      16,
    ],
    "title": "華麗なる!音戯探偵ひなビタ♫",
  },
  Object {
    "difficulties": Array [
      2,
      5,
      8,
      13,
      0,
      4,
      8,
      13,
      0,
    ],
    "title": "バッドユース・アウェイク",
  },
  Object {
    "difficulties": Array [
      3,
      7,
      10,
      13,
      0,
      7,
      10,
      13,
      0,
    ],
    "title": "Arcadia",
  },
  Object {
    "difficulties": Array [
      1,
      4,
      8,
      12,
      0,
      4,
      8,
      12,
      0,
    ],
    "title": "DanRevoAthlon",
  },
  Object {
    "difficulties": Array [
      3,
      7,
      11,
      14,
      0,
      7,
      11,
      14,
      0,
    ],
    "title": "Don't Stop The HYPERCORE",
  },
  Object {
    "difficulties": Array [
      2,
      4,
      9,
      13,
      0,
      4,
      9,
      13,
      0,
    ],
    "title": "The Ashes of Boreas",
  },
  Object {
    "difficulties": Array [
      3,
      6,
      9,
      12,
      0,
      6,
      9,
      12,
      0,
    ],
    "title": "極地大衝撃",
  },
  Object {
    "difficulties": Array [
      3,
      5,
      9,
      12,
      0,
      5,
      9,
      12,
      0,
    ],
    "title": "HyperNOAH",
  },
  Object {
    "difficulties": Array [
      3,
      6,
      10,
      13,
      0,
      6,
      10,
      13,
      0,
    ],
    "title": "WONDER COASTER",
  },
  Object {
    "difficulties": Array [
      3,
      6,
      10,
      13,
      15,
      6,
      10,
      13,
      15,
    ],
    "title": "Gravity Collapse",
  },
  Object {
    "difficulties": Array [
      3,
      7,
      11,
      14,
      15,
      7,
      11,
      14,
      15,
    ],
    "title": "Roche Limit",
  },
  Object {
    "difficulties": Array [
      3,
      7,
      12,
      14,
      16,
      7,
      12,
      14,
      16,
    ],
    "title": "Ødyssey",
  },
  Object {
    "difficulties": Array [
      3,
      7,
      9,
      12,
      0,
      7,
      9,
      12,
      0,
    ],
    "title": "Dozen Flower",
  },
  Object {
    "difficulties": Array [
      4,
      7,
      10,
      13,
      0,
      7,
      10,
      13,
      0,
    ],
    "title": "Heavy Rain",
  },
  Object {
    "difficulties": Array [
      3,
      6,
      11,
      14,
      0,
      6,
      11,
      14,
      0,
    ],
    "title": "Origin Pulsation",
  },
  Object {
    "difficulties": Array [
      3,
      7,
      10,
      14,
      0,
      7,
      10,
      14,
      0,
    ],
    "title": "Sweetin' Fruity",
  },
  Object {
    "difficulties": Array [
      1,
      4,
      8,
      13,
      0,
      4,
      8,
      13,
      0,
    ],
    "title": "The 88's Instigation",
  },
  Object {
    "difficulties": Array [
      1,
      5,
      9,
      11,
      0,
      3,
      9,
      12,
      0,
    ],
    "title": "ハジマリノアイズ ft. りんたる",
  },
  Object {
    "difficulties": Array [
      3,
      6,
      9,
      12,
      0,
      6,
      9,
      12,
      0,
    ],
    "title": "First Action",
  },
  Object {
    "difficulties": Array [
      1,
      4,
      9,
      12,
      0,
      4,
      9,
      12,
      0,
    ],
    "title": "おひさし中華街!",
  },
  Object {
    "difficulties": Array [
      1,
      4,
      7,
      10,
      0,
      4,
      7,
      10,
      0,
    ],
    "title": "白日と幻月",
  },
  Object {
    "difficulties": Array [
      1,
      7,
      10,
      13,
      0,
      7,
      10,
      13,
      0,
    ],
    "title": "Dance and Death",
  },
  Object {
    "difficulties": Array [
      4,
      7,
      11,
      14,
      0,
      7,
      11,
      14,
      0,
    ],
    "title": "Dance wiz the Rhythm",
  },
  Object {
    "difficulties": Array [
      3,
      6,
      10,
      14,
      0,
      6,
      10,
      14,
      0,
    ],
    "title": "Dense Flyer",
  },
  Object {
    "difficulties": Array [
      3,
      8,
      12,
      14,
      0,
      8,
      12,
      14,
      0,
    ],
    "title": "Robot Footwork",
  },
  Object {
    "difficulties": Array [
      3,
      6,
      11,
      15,
      0,
      7,
      11,
      15,
      0,
    ],
    "title": "愛氏AIされ",
  },
  Object {
    "difficulties": Array [
      3,
      7,
      12,
      15,
      0,
      7,
      12,
      15,
      0,
    ],
    "title": "Funky Flux Fusion",
  },
  Object {
    "difficulties": Array [
      3,
      7,
      10,
      16,
      0,
      6,
      10,
      16,
      0,
    ],
    "title": "No More Love",
  },
  Object {
    "difficulties": Array [
      4,
      8,
      13,
      16,
      0,
      8,
      13,
      16,
      0,
    ],
    "title": "fluctus",
  },
  Object {
    "difficulties": Array [
      3,
      8,
      13,
      16,
      0,
      8,
      13,
      16,
      0,
    ],
    "title": "HYPER OVERR DANCEFLOORRR",
  },
  Object {
    "difficulties": Array [
      3,
      8,
      12,
      15,
      0,
      8,
      12,
      15,
      0,
    ],
    "title": "Autosummer",
  },
  Object {
    "difficulties": Array [
      3,
      6,
      12,
      16,
      0,
      6,
      12,
      16,
      0,
    ],
    "title": "Burstix Comet",
  },
  Object {
    "difficulties": Array [
      4,
      7,
      12,
      16,
      0,
      7,
      12,
      16,
      0,
    ],
    "title": "Collapse of the Sanctuary",
  },
  Object {
    "difficulties": Array [
      3,
      7,
      11,
      15,
      0,
      7,
      11,
      15,
      0,
    ],
    "title": "踊れ!!バーチャルアニマル!!",
  },
  Object {
    "difficulties": Array [
      2,
      8,
      12,
      15,
      0,
      7,
      12,
      15,
      0,
    ],
    "title": "きらきら☆ユニバース",
  },
  Object {
    "difficulties": Array [
      3,
      7,
      11,
      14,
      0,
      7,
      11,
      14,
      0,
    ],
    "title": "Happy Dance Day 2 U",
  },
  Object {
    "difficulties": Array [
      2,
      7,
      12,
      15,
      0,
      7,
      12,
      15,
      0,
    ],
    "title": "Move On",
  },
  Object {
    "difficulties": Array [
      3,
      6,
      11,
      14,
      0,
      6,
      11,
      14,
      0,
    ],
    "title": "Niji no Sekai",
  },
  Object {
    "difficulties": Array [
      4,
      9,
      13,
      16,
      0,
      9,
      13,
      16,
      0,
    ],
    "title": "蛇神",
  },
  Object {
    "difficulties": Array [
      4,
      9,
      13,
      16,
      18,
      9,
      13,
      16,
      18,
    ],
    "title": "逆月",
  },
  Object {
    "difficulties": Array [
      3,
      7,
      11,
      15,
      16,
      6,
      11,
      15,
      17,
    ],
    "title": "雪上断火",
  },
  Object {
    "difficulties": Array [
      2,
      5,
      9,
      11,
      0,
      5,
      9,
      11,
      0,
    ],
    "title": "罪と罰",
  },
  Object {
    "difficulties": Array [
      3,
      5,
      10,
      13,
      0,
      5,
      10,
      13,
      0,
    ],
    "title": "Beyond The Earth",
  },
  Object {
    "difficulties": Array [
      3,
      8,
      13,
      16,
      18,
      8,
      13,
      16,
      18,
    ],
    "title": "DIAVOLO",
  },
  Object {
    "difficulties": Array [
      4,
      9,
      13,
      15,
      18,
      9,
      13,
      15,
      18,
    ],
    "title": "Fly Like You",
  },
  Object {
    "difficulties": Array [
      2,
      7,
      12,
      17,
      0,
      7,
      12,
      17,
      0,
    ],
    "title": "quaver♪",
  },
  Object {
    "difficulties": Array [
      3,
      6,
      10,
      14,
      17,
      6,
      10,
      14,
      17,
    ],
    "title": "Red. by Full Metal Jacket",
  },
  Object {
    "difficulties": Array [
      2,
      4,
      9,
      12,
      0,
      4,
      9,
      13,
      0,
    ],
    "title": "TYCOON",
  },
  Object {
    "difficulties": Array [
      2,
      5,
      10,
      14,
      0,
      4,
      9,
      14,
      0,
    ],
    "title": "Amazing Bomberman",
  },
  Object {
    "difficulties": Array [
      3,
      7,
      12,
      15,
      17,
      7,
      12,
      15,
      17,
    ],
    "title": "恋歌疾風!かるたクイーンいろは",
  },
  Object {
    "difficulties": Array [
      3,
      7,
      12,
      15,
      0,
      7,
      12,
      14,
      0,
    ],
    "title": "童話回廊",
  },
  Object {
    "difficulties": Array [
      3,
      6,
      8,
      11,
      0,
      6,
      9,
      12,
      0,
    ],
    "title": "リメンバーリメンバー",
  },
  Object {
    "difficulties": Array [
      4,
      11,
      13,
      16,
      18,
      11,
      13,
      16,
      18,
    ],
    "title": "Bad Maniacs",
  },
  Object {
    "difficulties": Array [
      3,
      8,
      12,
      16,
      17,
      8,
      12,
      16,
      17,
    ],
    "title": "Chocolate Planet",
  },
  Object {
    "difficulties": Array [
      3,
      7,
      9,
      13,
      15,
      7,
      9,
      13,
      15,
    ],
    "title": "Four Leaves",
  },
  Object {
    "difficulties": Array [
      2,
      5,
      11,
      14,
      17,
      5,
      11,
      14,
      17,
    ],
    "title": "Ganymede -re:born-",
  },
  Object {
    "difficulties": Array [
      3,
      6,
      11,
      15,
      18,
      6,
      11,
      15,
      18,
    ],
    "title": "Timepiece phase II",
  },
  Object {
    "difficulties": Array [
      2,
      8,
      12,
      15,
      17,
      8,
      12,
      15,
      17,
    ],
    "title": "ドーパミン (STARDOM Remix)",
  },
  Object {
    "difficulties": Array [
      3,
      7,
      11,
      15,
      17,
      7,
      12,
      15,
      17,
    ],
    "title": "量子の海のリントヴルム (STARDOM Remix)",
  },
  Object {
    "difficulties": Array [
      2,
      6,
      10,
      12,
      0,
      6,
      10,
      12,
      0,
    ],
    "title": "Love You",
  },
  Object {
    "difficulties": Array [
      3,
      6,
      11,
      14,
      0,
      6,
      11,
      14,
      0,
    ],
    "title": "朱と碧のランページ",
  },
  Object {
    "difficulties": Array [
      3,
      8,
      12,
      15,
      18,
      8,
      12,
      15,
      18,
    ],
    "title": "月光乱舞",
  },
  Object {
    "difficulties": Array [
      3,
      6,
      10,
      15,
      0,
      5,
      10,
      15,
      0,
    ],
    "title": "シャムシールの舞",
  },
  Object {
    "difficulties": Array [
      2,
      6,
      10,
      13,
      0,
      6,
      10,
      13,
      0,
    ],
    "title": "水槽のクジラ",
  },
  Object {
    "difficulties": Array [
      3,
      7,
      11,
      15,
      18,
      7,
      11,
      15,
      18,
    ],
    "title": "ミカヅキ:コネクト",
  },
  Object {
    "difficulties": Array [
      3,
      6,
      11,
      16,
      17,
      6,
      11,
      16,
      17,
    ],
    "title": "BIGソムタム",
  },
  Object {
    "difficulties": Array [
      2,
      4,
      11,
      15,
      17,
      4,
      11,
      15,
      17,
    ],
    "title": "CUE CUE RESCUE",
  },
  Object {
    "difficulties": Array [
      2,
      4,
      9,
      13,
      16,
      4,
      9,
      13,
      17,
    ],
    "title": "O JIYA",
  },
  Object {
    "difficulties": Array [
      3,
      6,
      11,
      14,
      0,
      6,
      11,
      14,
      0,
    ],
    "title": "羽根亡キ少女唄",
  },
  Object {
    "difficulties": Array [
      3,
      5,
      11,
      15,
      18,
      6,
      12,
      15,
      18,
    ],
    "title": "MODEL FT2 Miracle Version",
  },
  Object {
    "difficulties": Array [
      2,
      6,
      12,
      16,
      0,
      6,
      12,
      16,
      0,
    ],
    "title": "スペクター・チェイサー",
  },
  Object {
    "difficulties": Array [
      3,
      7,
      10,
      14,
      0,
      7,
      10,
      15,
      0,
    ],
    "title": "ちくたく2ちく2ぱ",
  },
  Object {
    "difficulties": Array [
      1,
      5,
      10,
      14,
      0,
      5,
      10,
      14,
      0,
    ],
    "title": "謎解き☆クイーン!",
  },
  Object {
    "difficulties": Array [
      3,
      8,
      11,
      13,
      0,
      8,
      10,
      13,
      0,
    ],
    "title": "なんてシュペール",
  },
  Object {
    "difficulties": Array [
      3,
      8,
      10,
      14,
      0,
      8,
      10,
      14,
      0,
    ],
    "title": "レシピのリドル",
  },
  Object {
    "difficulties": Array [
      2,
      7,
      12,
      15,
      0,
      7,
      12,
      15,
      0,
    ],
    "title": "Time to HYPERDRIVE",
  },
  Object {
    "difficulties": Array [
      3,
      7,
      12,
      16,
      0,
      7,
      12,
      16,
      0,
    ],
    "title": "Is this dance a Hakken?",
  },
  Object {
    "difficulties": Array [
      4,
      9,
      12,
      15,
      0,
      9,
      12,
      15,
      0,
    ],
    "title": "access super [hyper] focus",
  },
  Object {
    "difficulties": Array [
      3,
      6,
      12,
      15,
      0,
      6,
      11,
      15,
      0,
    ],
    "title": "STOMP!!",
  },
  Object {
    "difficulties": Array [
      3,
      7,
      10,
      14,
      0,
      6,
      10,
      14,
      0,
    ],
    "title": "まにぃまにあ××",
  },
  Object {
    "difficulties": Array [
      3,
      6,
      12,
      14,
      0,
      6,
      12,
      14,
      0,
    ],
    "title": "S.O.D",
  },
  Object {
    "difficulties": Array [
      2,
      5,
      11,
      16,
      0,
      5,
      11,
      17,
      0,
    ],
    "title": "Florence",
  },
  Object {
    "difficulties": Array [
      3,
      6,
      11,
      14,
      0,
      6,
      11,
      14,
      0,
    ],
    "title": "BRAIN-HEART",
  },
  Object {
    "difficulties": Array [
      2,
      5,
      9,
      15,
      0,
      5,
      9,
      15,
      0,
    ],
    "title": "Be Happy Next 2 You",
  },
  Object {
    "difficulties": Array [
      4,
      9,
      13,
      16,
      0,
      9,
      13,
      16,
      0,
    ],
    "title": "Hit Show Heroes",
  },
  Object {
    "difficulties": Array [
      3,
      6,
      11,
      13,
      16,
      3,
      6,
      13,
      16,
    ],
    "title": "THE SAFARI (STARDOM Remix)",
  },
  Object {
    "difficulties": Array [
      2,
      5,
      8,
      12,
      17,
      5,
      8,
      12,
      17,
    ],
    "title": "音楽 (STARDOM Remix)",
  },
  Object {
    "difficulties": Array [
      2,
      4,
      10,
      13,
      0,
      4,
      9,
      13,
      0,
    ],
    "title": "BRE∀K DOWN! (World Version)",
  },
  Object {
    "difficulties": Array [
      2,
      6,
      9,
      12,
      14,
      5,
      9,
      12,
      14,
    ],
    "title": "El ritmo te controla",
  },
  Object {
    "difficulties": Array [
      1,
      3,
      7,
      11,
      0,
      3,
      7,
      11,
      0,
    ],
    "title": "Moving On",
  },
  Object {
    "difficulties": Array [
      2,
      5,
      9,
      13,
      0,
      5,
      9,
      13,
      0,
    ],
    "title": "No Matter What",
  },
  Object {
    "difficulties": Array [
      4,
      8,
      12,
      15,
      0,
      8,
      12,
      15,
      0,
    ],
    "title": "Sahara",
  },
  Object {
    "difficulties": Array [
      4,
      8,
      13,
      16,
      18,
      8,
      13,
      16,
      18,
    ],
    "title": "1116",
  },
  Object {
    "difficulties": Array [
      2,
      7,
      12,
      16,
      0,
      7,
      12,
      16,
      0,
    ],
    "title": "メテオラ-meteor-",
  },
  Object {
    "difficulties": Array [
      3,
      6,
      11,
      15,
      0,
      6,
      12,
      15,
      0,
    ],
    "title": "blue anthem",
  },
  Object {
    "difficulties": Array [
      3,
      7,
      13,
      16,
      0,
      7,
      13,
      16,
      0,
    ],
    "title": "ESPRIT ONE",
  },
  Object {
    "difficulties": Array [
      2,
      7,
      12,
      16,
      0,
      7,
      12,
      16,
      0,
    ],
    "title": "Get Into The Groove feat.WaMi",
  },
  Object {
    "difficulties": Array [
      3,
      8,
      12,
      15,
      0,
      8,
      12,
      15,
      0,
    ],
    "title": "Mighty Beat Monsterz",
  },
  Object {
    "difficulties": Array [
      4,
      8,
      15,
      17,
      19,
      7,
      16,
      17,
      19,
    ],
    "title": "Steps for Victory",
  },
  Object {
    "difficulties": Array [
      3,
      6,
      12,
      16,
      0,
      5,
      12,
      16,
      0,
    ],
    "title": "THUNDERSTRIKE",
  },
  Object {
    "difficulties": Array [
      3,
      7,
      10,
      15,
      0,
      7,
      11,
      15,
      0,
    ],
    "title": "Wizards!",
  },
  Object {
    "difficulties": Array [
      3,
      7,
      11,
      15,
      0,
      7,
      11,
      15,
      0,
    ],
    "title": "ムラサキグルマ",
  },
  Object {
    "difficulties": Array [
      3,
      7,
      10,
      13,
      0,
      6,
      10,
      13,
      0,
    ],
    "title": "カタルシスの月",
  },
  Object {
    "difficulties": Array [
      4,
      8,
      13,
      16,
      0,
      8,
      13,
      17,
      0,
    ],
    "title": "Gale Rider",
  },
  Object {
    "difficulties": Array [
      3,
      9,
      12,
      16,
      0,
      8,
      12,
      16,
      0,
    ],
    "title": "Hollywood Galaxy",
  },
  Object {
    "difficulties": Array [
      4,
      7,
      12,
      16,
      0,
      7,
      13,
      16,
      0,
    ],
    "title": "Couleur=Blanche",
  },
  Object {
    "difficulties": Array [
      5,
      9,
      14,
      17,
      0,
      9,
      14,
      17,
      0,
    ],
    "title": "絶対零度",
  },
  Object {
    "difficulties": Array [
      3,
      8,
      12,
      16,
      0,
      8,
      12,
      16,
      0,
    ],
    "title": "ARACHNE",
  },
  Object {
    "difficulties": Array [
      4,
      8,
      12,
      16,
      0,
      8,
      12,
      16,
      0,
    ],
    "title": "EBONY & IVORY",
  },
  Object {
    "difficulties": Array [
      3,
      6,
      11,
      14,
      0,
      6,
      10,
      14,
      0,
    ],
    "title": "Liar×Girl",
  },
  Object {
    "difficulties": Array [
      4,
      7,
      12,
      15,
      0,
      8,
      12,
      14,
      0,
    ],
    "title": "ポチコの幸せな日常",
  },
  Object {
    "difficulties": Array [
      4,
      10,
      13,
      15,
      0,
      9,
      13,
      15,
      0,
    ],
    "title": "明鏡止水",
  },
  Object {
    "difficulties": Array [
      3,
      9,
      13,
      15,
      0,
      9,
      12,
      16,
      0,
    ],
    "title": "路男",
  },
  Object {
    "difficulties": Array [
      3,
      7,
      9,
      14,
      17,
      8,
      10,
      14,
      17,
    ],
    "title": "BabeL ~Next Story~",
  },
  Object {
    "difficulties": Array [
      3,
      7,
      13,
      16,
      0,
      8,
      13,
      16,
      0,
    ],
    "title": "Astra Blaze",
  },
  Object {
    "difficulties": Array [
      2,
      5,
      10,
      13,
      0,
      5,
      10,
      14,
      0,
    ],
    "title": "COLOR BURST",
  },
  Object {
    "difficulties": Array [
      3,
      9,
      13,
      15,
      0,
      8,
      13,
      15,
      0,
    ],
    "title": "GO!",
  },
  Object {
    "difficulties": Array [
      3,
      6,
      12,
      16,
      0,
      6,
      12,
      16,
      0,
    ],
    "title": "HORIZON BEATZ",
  },
  Object {
    "difficulties": Array [
      3,
      8,
      13,
      16,
      0,
      8,
      13,
      16,
      0,
    ],
    "title": "King of Tribe",
  },
  Object {
    "difficulties": Array [
      3,
      8,
      12,
      16,
      0,
      8,
      12,
      16,
      0,
    ],
    "title": "Meteor☆Shower",
  },
  Object {
    "difficulties": Array [
      3,
      8,
      12,
      16,
      0,
      8,
      12,
      16,
      0,
    ],
    "title": "RIZING-GAMERS.",
  },
  Object {
    "difficulties": Array [
      3,
      7,
      12,
      16,
      0,
      7,
      11,
      15,
      0,
    ],
    "title": "SILKY BRAVE",
  },
  Object {
    "difficulties": Array [
      6,
      10,
      15,
      17,
      19,
      10,
      15,
      17,
      19,
    ],
    "title": "Superior MAXXX",
  },
  Object {
    "difficulties": Array [
      4,
      8,
      12,
      15,
      17,
      8,
      12,
      15,
      17,
    ],
    "title": "Blizzard of Arrows",
  },
  Object {
    "difficulties": Array [
      5,
      10,
      13,
      16,
      18,
      10,
      13,
      16,
      18,
    ],
    "title": "Meteor",
  },
  Object {
    "difficulties": Array [
      4,
      8,
      11,
      16,
      17,
      8,
      10,
      16,
      17,
    ],
    "title": "Eira",
  },
  Object {
    "difficulties": Array [
      3,
      7,
      11,
      13,
      17,
      7,
      11,
      13,
      17,
    ],
    "title": "Komainu Adventure!",
  },
  Object {
    "difficulties": Array [
      4,
      6,
      11,
      14,
      16,
      6,
      11,
      14,
      16,
    ],
    "title": "Thunderstorm",
  },
  Object {
    "difficulties": Array [
      5,
      9,
      12,
      16,
      18,
      9,
      12,
      16,
      18,
    ],
    "title": "Saiph",
  },
  Object {
    "difficulties": Array [
      3,
      6,
      12,
      15,
      18,
      6,
      12,
      15,
      18,
    ],
    "title": "迷宮のロンド",
  },
  Object {
    "difficulties": Array [
      3,
      7,
      10,
      14,
      17,
      7,
      10,
      14,
      17,
    ],
    "title": "New Millennium Pt.2",
  },
  Object {
    "difficulties": Array [
      6,
      10,
      14,
      16,
      18,
      10,
      14,
      16,
      18,
    ],
    "title": "鳳 (Five Flares Mix)",
  },
  Object {
    "difficulties": Array [
      4,
      8,
      12,
      15,
      17,
      8,
      12,
      15,
      17,
    ],
    "title": "Roll the Dice",
  },
  Object {
    "difficulties": Array [
      5,
      11,
      14,
      16,
      18,
      11,
      14,
      17,
      18,
    ],
    "title": "UИKNØWNZ",
  },
  Object {
    "difficulties": Array [
      3,
      5,
      10,
      15,
      17,
      5,
      10,
      15,
      17,
    ],
    "title": "Monsters Den",
  },
  Object {
    "difficulties": Array [
      4,
      10,
      13,
      15,
      17,
      10,
      13,
      15,
      17,
    ],
    "title": "Stand Alone Beat Masta",
  },
  Object {
    "difficulties": Array [
      2,
      5,
      12,
      14,
      16,
      5,
      12,
      14,
      16,
    ],
    "title": "足神様ノ復活祭",
  },
  Object {
    "difficulties": Array [
      4,
      8,
      14,
      16,
      17,
      8,
      14,
      16,
      17,
    ],
    "title": "Blφφdy Cφncertφ",
  },
  Object {
    "difficulties": Array [
      3,
      7,
      12,
      16,
      0,
      7,
      12,
      16,
      0,
    ],
    "title": "OROCHI STRIKE",
  },
  Object {
    "difficulties": Array [
      4,
      7,
      13,
      17,
      0,
      7,
      13,
      17,
      0,
    ],
    "title": "Lichtsäule",
  },
  Object {
    "difficulties": Array [
      4,
      10,
      15,
      18,
      0,
      10,
      15,
      18,
      0,
    ],
    "title": "REINCARNATION",
  },
  Object {
    "difficulties": Array [
      4,
      9,
      13,
      16,
      18,
      9,
      13,
      16,
      18,
    ],
    "title": "Re:RHYZE",
  },
  Object {
    "difficulties": Array [
      3,
      6,
      13,
      15,
      18,
      7,
      13,
      15,
      17,
    ],
    "title": "ハイテックトキオ",
  },
  Object {
    "difficulties": Array [
      5,
      10,
      13,
      17,
      18,
      10,
      13,
      17,
      18,
    ],
    "title": "混乱少女♥そふらんちゃん!!",
  },
  Object {
    "difficulties": Array [
      3,
      8,
      15,
      18,
      0,
      8,
      14,
      18,
      0,
    ],
    "title": "COSMIC V3LOCITY",
  },
  Object {
    "difficulties": Array [
      4,
      9,
      13,
      17,
      0,
      9,
      14,
      17,
      0,
    ],
    "title": "疾風迅雷",
  },
  Object {
    "difficulties": Array [
      4,
      8,
      12,
      14,
      0,
      8,
      12,
      15,
      0,
    ],
    "title": "Bye or not",
  },
  Object {
    "difficulties": Array [
      5,
      10,
      13,
      17,
      0,
      9,
      13,
      17,
      0,
    ],
    "title": "Daisycutter",
  },
  Object {
    "difficulties": Array [
      4,
      9,
      14,
      18,
      0,
      9,
      14,
      18,
      0,
    ],
    "title": "EYE OF THE HEAVEN",
  },
  Object {
    "difficulties": Array [
      4,
      9,
      12,
      15,
      0,
      8,
      12,
      15,
      0,
    ],
    "title": "ZENDEGI DANCE",
  },
  Object {
    "difficulties": Array [
      3,
      7,
      11,
      15,
      0,
      7,
      11,
      16,
      0,
    ],
    "title": "旅人リラン",
  },
  Object {
    "difficulties": Array [
      5,
      10,
      15,
      18,
      0,
      10,
      15,
      18,
      0,
    ],
    "title": "fixer",
  },
  Object {
    "difficulties": Array [
      3,
      8,
      12,
      15,
      0,
      8,
      12,
      16,
      0,
    ],
    "title": "LubedeR",
  },
  Object {
    "difficulties": Array [
      4,
      7,
      13,
      16,
      0,
      7,
      13,
      16,
      0,
    ],
    "title": "SCREW // owo // SCREW",
  },
  Object {
    "difficulties": Array [
      3,
      8,
      12,
      15,
      0,
      7,
      12,
      15,
      0,
    ],
    "title": "tricky trick",
  },
  Object {
    "difficulties": Array [
      2,
      6,
      10,
      13,
      0,
      7,
      10,
      13,
      0,
    ],
    "title": "僕の気持ちを描く",
  },
  Object {
    "difficulties": Array [
      4,
      7,
      12,
      16,
      0,
      7,
      12,
      16,
      0,
    ],
    "title": "BILLION MONEY BAZOOKA",
  },
  Object {
    "difficulties": Array [
      7,
      10,
      14,
      17,
      0,
      10,
      14,
      18,
      0,
    ],
    "title": "Fragarach",
  },
  Object {
    "difficulties": Array [
      7,
      12,
      16,
      18,
      0,
      12,
      15,
      18,
      0,
    ],
    "title": "RUINA",
  },
  Object {
    "difficulties": Array [
      2,
      6,
      10,
      16,
      0,
      6,
      10,
      16,
      0,
    ],
    "title": "STOIC HYPOTHESIS",
  },
  Object {
    "difficulties": Array [
      5,
      7,
      13,
      17,
      0,
      7,
      13,
      16,
      0,
    ],
    "title": "V!LLA!N",
  },
  Object {
    "difficulties": Array [
      2,
      5,
      7,
      10,
      0,
      5,
      7,
      10,
      0,
    ],
    "title": "No Tears Left to Cry",
  },
  Object {
    "difficulties": Array [
      2,
      4,
      8,
      12,
      14,
      4,
      8,
      12,
      14,
    ],
    "title": "シル・ヴ・プレジデント",
  },
  Object {
    "difficulties": Array [
      3,
      5,
      8,
      12,
      0,
      6,
      8,
      13,
      0,
    ],
    "title": "Happy",
  },
  Object {
    "difficulties": Array [
      3,
      4,
      10,
      14,
      17,
      4,
      10,
      14,
      17,
    ],
    "title": "セツナトリップ",
  },
  Object {
    "difficulties": Array [
      5,
      7,
      10,
      13,
      17,
      7,
      10,
      13,
      17,
    ],
    "title": "プレインエイジア -PHQ remix-",
  },
  Object {
    "difficulties": Array [
      2,
      6,
      10,
      15,
      17,
      6,
      10,
      15,
      17,
    ],
    "title": "Throw Out",
  },
  Object {
    "difficulties": Array [
      3,
      7,
      10,
      15,
      16,
      8,
      11,
      15,
      16,
    ],
    "title": "Drop The Bounce",
  },
  Object {
    "difficulties": Array [
      3,
      7,
      11,
      14,
      17,
      7,
      11,
      14,
      17,
    ],
    "title": "ミッドナイト☆WAR",
  },
  Object {
    "difficulties": Array [
      4,
      7,
      11,
      14,
      16,
      8,
      12,
      15,
      16,
    ],
    "title": "Right Time Right Way",
  },
  Object {
    "difficulties": Array [
      2,
      6,
      10,
      14,
      16,
      6,
      11,
      14,
      16,
    ],
    "title": "F4SH10N",
  },
  Object {
    "difficulties": Array [
      3,
      8,
      13,
      16,
      18,
      8,
      13,
      16,
      18,
    ],
    "title": "灼熱 Pt.2 Long Train Running",
  },
  Object {
    "difficulties": Array [
      4,
      8,
      12,
      15,
      17,
      8,
      12,
      15,
      17,
    ],
    "title": "If",
  },
  Object {
    "difficulties": Array [
      3,
      6,
      9,
      13,
      17,
      5,
      9,
      14,
      17,
    ],
    "title": "SAYONARA☆ディスコライト",
  },
  Object {
    "difficulties": Array [
      4,
      7,
      11,
      14,
      17,
      7,
      11,
      14,
      17,
    ],
    "title": "スーパー戦湯ババンバーン",
  },
  Object {
    "difficulties": Array [
      4,
      8,
      11,
      14,
      17,
      8,
      11,
      14,
      17,
    ],
    "title": "ONYX",
  },
  Object {
    "difficulties": Array [
      4,
      8,
      12,
      16,
      18,
      8,
      12,
      16,
      18,
    ],
    "title": "High & Low",
  },
  Object {
    "difficulties": Array [
      3,
      6,
      10,
      12,
      15,
      6,
      10,
      12,
      15,
    ],
    "title": "ロンロンへ ライライライ!",
  },
  Object {
    "difficulties": Array [
      4,
      8,
      13,
      16,
      18,
      8,
      13,
      16,
      18,
    ],
    "title": "リリーゼと炎龍レーヴァテイン",
  },
  Object {
    "difficulties": Array [
      4,
      8,
      11,
      14,
      18,
      8,
      11,
      14,
      18,
    ],
    "title": "勇猛無比",
  },
  Object {
    "difficulties": Array [
      2,
      7,
      9,
      12,
      15,
      7,
      10,
      12,
      15,
    ],
    "title": "Get Back Up!",
  },
  Object {
    "difficulties": Array [
      4,
      8,
      12,
      16,
      17,
      8,
      12,
      16,
      17,
    ],
    "title": "Riot of Color",
  },
  Object {
    "difficulties": Array [
      6,
      9,
      13,
      17,
      18,
      9,
      13,
      17,
      18,
    ],
    "title": "Lose Your Sense",
  },
  Object {
    "difficulties": Array [
      4,
      8,
      14,
      17,
      18,
      8,
      14,
      17,
      18,
    ],
    "title": "[ ]DENTITY",
  },
  Object {
    "difficulties": Array [
      4,
      9,
      10,
      11,
      17,
      10,
      11,
      12,
      17,
    ],
    "title": "LOVE THIS FEELIN'",
  },
  Object {
    "difficulties": Array [
      3,
      4,
      8,
      11,
      16,
      3,
      8,
      11,
      16,
    ],
    "title": "murmur twins",
  },
  Object {
    "difficulties": Array [
      3,
      4,
      7,
      12,
      14,
      5,
      8,
      9,
      14,
    ],
    "title": "ORION.78(AMeuro-MIX)",
  },
  Object {
    "difficulties": Array [
      3,
      5,
      6,
      9,
      13,
      6,
      8,
      8,
      13,
    ],
    "title": "PUT YOUR FAITH IN ME",
  },
  Object {
    "difficulties": Array [
      4,
      4,
      8,
      10,
      15,
      4,
      8,
      10,
      15,
    ],
    "title": "TRUE♥LOVE",
  },
  Object {
    "difficulties": Array [
      3,
      4,
      7,
      12,
      16,
      4,
      8,
      10,
      16,
    ],
    "title": "男々道",
  },
  Object {
    "difficulties": Array [
      4,
      5,
      9,
      11,
      14,
      5,
      8,
      11,
      15,
    ],
    "title": "321STARS",
  },
  Object {
    "difficulties": Array [
      3,
      5,
      9,
      13,
      17,
      5,
      10,
      13,
      17,
    ],
    "title": "AA",
  },
  Object {
    "difficulties": Array [
      3,
      7,
      8,
      11,
      13,
      8,
      9,
      10,
      13,
    ],
    "title": "AM-3P",
  },
  Object {
    "difficulties": Array [
      2,
      2,
      4,
      7,
      12,
      3,
      5,
      8,
      13,
    ],
    "title": "BABY BABY GIMME YOUR LOVE",
  },
  Object {
    "difficulties": Array [
      4,
      8,
      10,
      13,
      16,
      6,
      9,
      13,
      17,
    ],
    "title": "DROP OUT",
  },
  Object {
    "difficulties": Array [
      4,
      5,
      8,
      13,
      15,
      5,
      9,
      13,
      15,
    ],
    "title": "exotic ethnic",
  },
  Object {
    "difficulties": Array [
      3,
      7,
      9,
      11,
      14,
      7,
      9,
      11,
      14,
    ],
    "title": "MAKE IT BETTER",
  },
  Object {
    "difficulties": Array [
      3,
      4,
      9,
      10,
      13,
      5,
      7,
      11,
      12,
    ],
    "title": "Silent Hill",
  },
  Object {
    "difficulties": Array [
      4,
      5,
      7,
      11,
      13,
      4,
      8,
      11,
      13,
    ],
    "title": "Silver Platform - I wanna get your heart -",
  },
  Object {
    "difficulties": Array [
      3,
      5,
      8,
      12,
      17,
      5,
      8,
      12,
      17,
    ],
    "title": "Blind Justice ~Torn souls, Hurt Faiths ~",
  },
  Object {
    "difficulties": Array [
      3,
      5,
      8,
      10,
      13,
      5,
      7,
      10,
      13,
    ],
    "title": "BURNIN' THE FLOOR",
  },
  Object {
    "difficulties": Array [
      3,
      4,
      7,
      13,
      16,
      4,
      7,
      12,
      16,
    ],
    "title": "Destiny lovers",
  },
  Object {
    "difficulties": Array [
      3,
      4,
      7,
      11,
      14,
      5,
      8,
      11,
      14,
    ],
    "title": "JET WORLD",
  },
  Object {
    "difficulties": Array [
      3,
      6,
      7,
      9,
      13,
      5,
      7,
      11,
      13,
    ],
    "title": "LOVE♥SHINE",
  },
  Object {
    "difficulties": Array [
      4,
      7,
      8,
      11,
      13,
      5,
      9,
      12,
      13,
    ],
    "title": "Music In The Rhythm",
  },
  Object {
    "difficulties": Array [
      3,
      7,
      8,
      11,
      13,
      5,
      7,
      10,
      13,
    ],
    "title": "SEXY PLANET",
  },
  Object {
    "difficulties": Array [
      5,
      7,
      11,
      12,
      18,
      7,
      10,
      14,
      18,
    ],
    "title": "The Least 100sec",
  },
  Object {
    "difficulties": Array [
      3,
      5,
      6,
      9,
      14,
      6,
      7,
      10,
      14,
    ],
    "title": "think ya better D",
  },
  Object {
    "difficulties": Array [
      3,
      9,
      10,
      12,
      15,
      9,
      10,
      11,
      15,
    ],
    "title": "TRIP MACHINE~luv mix~",
  },
  Object {
    "difficulties": Array [
      2,
      4,
      7,
      9,
      12,
      4,
      7,
      11,
      12,
    ],
    "title": "蒼い衝動 ~for EXTREME~",
  },
  Object {
    "difficulties": Array [
      5,
      5,
      9,
      11,
      16,
      4,
      9,
      11,
      16,
    ],
    "title": "月光蝶",
  },
  Object {
    "difficulties": Array [
      2,
      3,
      6,
      8,
      12,
      5,
      6,
      8,
      12,
    ],
    "title": "AFTER THE GAME OF LOVE",
  },
  Object {
    "difficulties": Array [
      3,
      5,
      8,
      12,
      15,
      5,
      8,
      13,
      16,
    ],
    "title": "BRE∀K DOWN!",
  },
  Object {
    "difficulties": Array [
      4,
      6,
      7,
      11,
      16,
      5,
      8,
      11,
      16,
    ],
    "title": "CANDY☆",
  },
  Object {
    "difficulties": Array [
      2,
      5,
      6,
      8,
      12,
      6,
      8,
      11,
      12,
    ],
    "title": "e-motion",
  },
  Object {
    "difficulties": Array [
      5,
      7,
      11,
      13,
      16,
      8,
      10,
      14,
      16,
    ],
    "title": "Healing Vision ~Angelic mix~",
  },
  Object {
    "difficulties": Array [
      5,
      7,
      8,
      11,
      14,
      4,
      8,
      10,
      15,
    ],
    "title": "HYSTERIA",
  },
  Object {
    "difficulties": Array [
      3,
      4,
      8,
      10,
      13,
      4,
      7,
      9,
      13,
    ],
    "title": "Tomorrow Perfume",
  },
  Object {
    "difficulties": Array [
      3,
      5,
      10,
      13,
      16,
      5,
      9,
      13,
      16,
    ],
    "title": "xenon",
  },
  Object {
    "difficulties": Array [
      3,
      4,
      7,
      9,
      14,
      4,
      7,
      9,
      14,
    ],
    "title": "カゲロウ",
  },
  Object {
    "difficulties": Array [
      3,
      5,
      7,
      12,
      14,
      5,
      9,
      12,
      15,
    ],
    "title": "BROKEN MY HEART",
  },
  Object {
    "difficulties": Array [
      5,
      9,
      10,
      11,
      18,
      9,
      11,
      11,
      17,
    ],
    "title": "Dragon Blade",
  },
  Object {
    "difficulties": Array [
      3,
      4,
      7,
      11,
      15,
      4,
      8,
      11,
      15,
    ],
    "title": "D2R",
  },
  Object {
    "difficulties": Array [
      4,
      5,
      4,
      8,
      12,
      4,
      6,
      8,
      12,
    ],
    "title": "Funk Boogie",
  },
  Object {
    "difficulties": Array [
      3,
      4,
      7,
      12,
      16,
      5,
      7,
      13,
      16,
    ],
    "title": "Gamelan de Couple",
  },
  Object {
    "difficulties": Array [
      4,
      7,
      8,
      10,
      14,
      5,
      9,
      13,
      16,
    ],
    "title": "La Señorita",
  },
  Object {
    "difficulties": Array [
      4,
      5,
      9,
      13,
      17,
      5,
      9,
      12,
      17,
    ],
    "title": "No.13",
  },
  Object {
    "difficulties": Array [
      4,
      5,
      8,
      11,
      15,
      5,
      7,
      10,
      15,
    ],
    "title": "Quick Master",
  },
  Object {
    "difficulties": Array [
      5,
      6,
      7,
      10,
      14,
      5,
      9,
      11,
      15,
    ],
    "title": "WILD RUSH",
  },
  Object {
    "difficulties": Array [
      5,
      7,
      9,
      13,
      17,
      8,
      9,
      13,
      17,
    ],
    "title": "AFRONOVA",
  },
  Object {
    "difficulties": Array [
      3,
      4,
      8,
      13,
      15,
      4,
      7,
      12,
      16,
    ],
    "title": "BURNING HEAT!(3 Option MIX)",
  },
  Object {
    "difficulties": Array [
      3,
      4,
      6,
      10,
      12,
      3,
      6,
      10,
      12,
    ],
    "title": "Can Be Real",
  },
  Object {
    "difficulties": Array [
      4,
      5,
      8,
      10,
      13,
      6,
      8,
      11,
      13,
    ],
    "title": "ECSTASY",
  },
  Object {
    "difficulties": Array [
      3,
      4,
      7,
      9,
      12,
      4,
      7,
      10,
      12,
    ],
    "title": "HIGHER",
  },
  Object {
    "difficulties": Array [
      3,
      4,
      6,
      9,
      12,
      3,
      6,
      9,
      12,
    ],
    "title": "INSIDE YOUR HEART",
  },
  Object {
    "difficulties": Array [
      3,
      4,
      7,
      11,
      13,
      5,
      7,
      10,
      13,
    ],
    "title": "LOGICAL DASH",
  },
  Object {
    "difficulties": Array [
      4,
      4,
      7,
      10,
      14,
      4,
      7,
      11,
      14,
    ],
    "title": "rainbow rainbow",
  },
  Object {
    "difficulties": Array [
      4,
      6,
      8,
      12,
      17,
      6,
      8,
      11,
      17,
    ],
    "title": "RED ZONE",
  },
  Object {
    "difficulties": Array [
      4,
      8,
      12,
      15,
      17,
      8,
      12,
      14,
      17,
    ],
    "title": "Unreal",
  },
  Object {
    "difficulties": Array [
      3,
      8,
      12,
      14,
      17,
      8,
      12,
      15,
      18,
    ],
    "title": "輪廻の鴉",
  },
  Object {
    "difficulties": Array [
      5,
      9,
      14,
      16,
      17,
      9,
      14,
      17,
      18,
    ],
    "title": "SURVIVAL AT THE END OF THE UNIVERSE",
  },
  Object {
    "difficulties": Array [
      2,
      6,
      11,
      14,
      16,
      6,
      11,
      14,
      17,
    ],
    "title": "Unreality",
  },
  Object {
    "difficulties": Array [
      3,
      7,
      12,
      16,
      17,
      7,
      12,
      16,
      17,
    ],
    "title": "Continue to the real world?",
  },
  Object {
    "difficulties": Array [
      7,
      10,
      13,
      15,
      17,
      10,
      13,
      14,
      17,
    ],
    "title": "My Drama",
  },
  Object {
    "difficulties": Array [
      4,
      7,
      12,
      15,
      18,
      7,
      12,
      15,
      18,
    ],
    "title": "Worst Plan",
  },
  Object {
    "difficulties": Array [
      2,
      5,
      10,
      15,
      17,
      5,
      10,
      15,
      17,
    ],
    "title": "C-C-C-N-N-N",
  },
  Object {
    "difficulties": Array [
      3,
      11,
      15,
      17,
      18,
      11,
      14,
      17,
      18,
    ],
    "title": "DIABLOSIS::Nāga",
  },
  Object {
    "difficulties": Array [
      3,
      6,
      8,
      11,
      14,
      5,
      8,
      11,
      14,
    ],
    "title": "華爛漫 -Flowers-",
  },
  Object {
    "difficulties": Array [
      4,
      5,
      9,
      12,
      15,
      5,
      10,
      12,
      15,
    ],
    "title": "BE LOVIN",
  },
  Object {
    "difficulties": Array [
      4,
      7,
      9,
      11,
      15,
      7,
      8,
      11,
      15,
    ],
    "title": "Holic",
  },
  Object {
    "difficulties": Array [
      5,
      9,
      10,
      12,
      18,
      7,
      10,
      13,
      18,
    ],
    "title": "PARANOIA EVOLUTION",
  },
  Object {
    "difficulties": Array [
      3,
      6,
      8,
      13,
      18,
      5,
      8,
      14,
      18,
    ],
    "title": "Übertreffen",
  },
  Object {
    "difficulties": Array [
      3,
      4,
      10,
      15,
      17,
      5,
      10,
      15,
      17,
    ],
    "title": "コメット⇒スケイター",
  },
  Object {
    "difficulties": Array [
      4,
      9,
      14,
      17,
      18,
      9,
      14,
      17,
      18,
    ],
    "title": "3y3s",
  },
  Object {
    "difficulties": Array [
      3,
      7,
      10,
      13,
      16,
      6,
      9,
      12,
      16,
    ],
    "title": "クリムゾンゲイト",
  },
  Object {
    "difficulties": Array [
      3,
      5,
      10,
      13,
      15,
      6,
      8,
      13,
      16,
    ],
    "title": "パ→ピ→プ→Yeah!",
  },
  Object {
    "difficulties": Array [
      3,
      5,
      9,
      11,
      14,
      5,
      9,
      12,
      14,
    ],
    "title": "In The Breeze",
  },
  Object {
    "difficulties": Array [
      5,
      9,
      12,
      15,
      18,
      9,
      12,
      16,
      18,
    ],
    "title": "Remain",
  },
  Object {
    "difficulties": Array [
      3,
      7,
      11,
      16,
      17,
      6,
      11,
      16,
      17,
    ],
    "title": "True Blue",
  },
  Object {
    "difficulties": Array [
      3,
      6,
      10,
      14,
      16,
      6,
      10,
      14,
      16,
    ],
    "title": "黒髪乱れし修羅となりて~凛 edition~",
  },
  Object {
    "difficulties": Array [
      3,
      6,
      9,
      13,
      15,
      5,
      10,
      12,
      15,
    ],
    "title": "激アツ☆マジヤバ☆チアガール",
  },
  Object {
    "difficulties": Array [
      4,
      8,
      11,
      13,
      17,
      7,
      11,
      13,
      17,
    ],
    "title": "漆黒のスペシャルプリンセスサンデー",
  },
  Object {
    "difficulties": Array [
      2,
      6,
      10,
      13,
      16,
      7,
      10,
      13,
      17,
    ],
    "title": "地方創生☆チクワクティクス",
  },
  Object {
    "difficulties": Array [
      3,
      5,
      12,
      16,
      17,
      5,
      12,
      16,
      18,
    ],
    "title": "Concertino in Blue",
  },
  Object {
    "difficulties": Array [
      4,
      9,
      12,
      16,
      17,
      9,
      12,
      16,
      17,
    ],
    "title": "Step This Way",
  },
  Object {
    "difficulties": Array [
      3,
      7,
      11,
      14,
      16,
      7,
      11,
      14,
      16,
    ],
    "title": "Come Back To Me",
  },
  Object {
    "difficulties": Array [
      4,
      9,
      13,
      16,
      18,
      8,
      13,
      16,
      18,
    ],
    "title": "actualization of self (weaponized)",
  },
  Object {
    "difficulties": Array [
      4,
      8,
      12,
      15,
      16,
      7,
      12,
      15,
      17,
    ],
    "title": "Better Than Me",
  },
]
`;
